Any time you give a man something he doesn't earn, you cheapen him. Our kids earn what they get, and that includes respect. - Woody Hayes
11/11/2010

We choose to go to the moon. We choose to go to the moon in this decade and do the other things, not because they are easy, but because they are hard. - John F. Kennedy
11/23/2010

No one can make you feel inferior without your consent. - Eleanor Roosevelt
7/2/2011

I was always looking outside myself for strength and confidence, but it comes from within. It is there all the time. - Anna Freud
8/18/2011

With coarse rice to eat, with water to drink, and my bended arm for a pillow ... I have still joy in the midst of these things. - Confucius
12/15/2011

To study and not think is a waste. To think and not study is dangerous.  - Confucius
7/15/2012

Failure is not fatal, but failure to change might be. - Woody Hayes
5/22/2013

I've observed that if individuals who prevail in a highly competitive environment have any one thing in common besides success, it is failure ...  and their ability to overcome it. - Bill Walsh, college and NFL football coach
7/19/2013

I am enough of the artist to draw freely upon my imagination. Imagination is more important than knowledge. Knowledge is limited. Imagination encircles the world. - Albert Einstein
1/17/2014

Maybe you have a little voice inside that says you aren't strong enough to handle what life's left at your feet. That voice lies. Prove it wrong today ... then repeat, repeat, repeat. Keep moving. - Maggie Smith
5/19/2014

It doesn't matter when you start, it doesn't matter what anyone else is doing. All that matters is that you truly follow your own path, your own way, at your own pace. Be kind to yourself and others, and follow your intuition always. That is real bravery. - Diana Schneider
7/12/2014

The things that I see as I walk along the streets ... a little flower that blooms in May, a lovely sunset at the end of a day, someone helping a stranger along the way ... that's heaven to me. - Sam Cooke
8/20/2014

If I were not a physicist, I would probably be a musician. I often think in music. I live my daydreams in music. I see my life in terms of music … I get most joy in life out of music. - Albert Einstein
12/14/2014

If you hit a wrong note, it's the next note that you play that determines if it's good or bad. - Miles Davis
3/4/2015

As human beings, our job in life is to help people realize how rare and valuable each one of us really is, that each of us has something that no one else has or ever will have, something inside that is unique to all time. - Mr. Rogers
9/5/2015

There is something you must always remember. You are braver than you believe, stronger than you seem, and smarter than you think. - A.A. Milne
10/13/2016

Success. It's what you do with what you've got. - Woody Hayes
12/13/2016

Something as simple and ordinary as drinking a cup of tea can bring us great joy and help us feel our connection to the Earth … Drinking a cup of tea is a pleasure we can give ourselves every day. - Thích Nhất Hạnh
6/7/2017

We must have perseverance and, above all, confidence in ourselves. We must believe that we are gifted for something, and that this thing, at whatever cost, must be attained. - Marie Curie
1/27/2018

The only thing even in this world is the number of hours in a day. The difference in winning or losing is what you do with those hours. - Woody Hayes
3/2/2018

Happiness is not a goal, it is a byproduct. Paradoxically, the one sure way not to be happy is deliberately to map out a way of life in which one would please oneself completely and exclusively. - Eleanor Roosevelt
3/27/2018

They were content with each good day as it came, taking pleasure in every meal, and in every word and song. - J.R.R. Tolkien
4/28/2018

And now that you don't have to be perfect, you can be good. - from "East of Eden" by John Stienbeck
6/28/2018

Perfection is not attainable, but if we chase perfection, we can catch excellence. - Woody Hayes
7/11/2018

Trust yourself. Create the kind of self that you will be happy to live with all of your life. Make the most of yourself by fanning the tiny, inner sparks of possibility into flames of achievement. - Golda Meir
12/7/2018

Everybody thinks a champion has to always be the winner, come out on top. But I think everybody inside is a champion themselves depending on how you handle your failures and your successes.  - Simone Biles, Olympic gymast (from Columbus, OH)
12/26/2018

Happiness is when what you think, what you say, and what you do are in harmony. - Mahatma Gandhi
2/7/2019

And now that you don't have to be perfect, you can be good. - from "East of Eden" by John Stienbeck
4/5/2019

Accept the challenges so that you can feel the exhilaration of victory. - Woody Hayes
10/18/2019

Be at war with your vices, at peace with your neighbors, and let every New Year find you a better man. - Benjamin Franklin
12/3/2019

I urge you to please notice when you are happy, and exclaim or murmur or think at some point, "If this isn't nice, I don't know what is." - Kurt Vonnegut
4/9/2020

Those who are not looking for happiness are the most likely to find it, because those who are searching forget that the surest way to be happy is to seek happiness for others. - Dr. Martin Luther King Jr.
11/7/2020

You can never really pay back. You can only pay forward. - Woody Hayes
8/17/2021

It seems to me that if you or I must choose between two courses of thought or action, we should remember our dying and try so to live that our death brings no pleasure on the world. - from "East of Eden" by John Stienbeck
3/20/2022

When you get knocked down, which is plenty often, you get right up in a hurry, just as quickly as you can. - Woody Hayes
7/18/2022

When you get the perfect parking space, hear your favorite song on the radio, approach a light that turns green, or find an empty seat on the bus or train, say thank you. These are all good things that you are receiving from life. - Rhonda Byrne
8/17/2022

Don't compare your life to others. You have no idea what their journey is all about. - Woody Hayes
9/30/2022

The happiness of life is made up of minute fractions ... the little soon forgotten charities of a kiss or smile, a kind look, a heartfelt compliment, and the countless infinitesimals of pleasurable and genial feeling. - Samuel Taylor Coleridge
2/23/2023

Once you learn to quit, it becomes a habit. - Woody Hayes
3/29/2023

Alone we can do so little; together we can do so much. - Helen Keller
4/9/2023

I have learned over the years that when one's mind is made up, this diminishes fear; knowing what must be done does away with fear. - Rosa Parks
8/21/2023

Practicing an art, no matter how well or badly, is a way to make your soul grow, for heaven's sake. Sing in the shower. Dance to the radio. Tell stories. Write a poem to a friend, even a lousy poem. Do it as well as you possibly can. You will get an enormous reward. You will have created something. - Kurt Vonnegut
12/26/2023

I am amazing. - Vy N
10/11/2025

